```shell 
# 查看硬盘分区
fdisk -l 
```

```shell

Disk /dev/sda: 150.3 GB, 150323855360 bytes, 293601280 sectors
Units = sectors of 1 * 512 = 512 bytes
Sector size (logical/physical): 512 bytes / 512 bytes
I/O size (minimum/optimal): 512 bytes / 512 bytes
Disk label type: dos
Disk identifier: 0x000a843a

   Device Boot      Start         End      Blocks   Id  System
/dev/sda1   *        2048     2099199     1048576   83  Linux
/dev/sda2         2099200    33554431    15727616   8e  Linux LVM
/dev/sda3        33554432   293601279   130023424   8e  Linux LVM

```

```shell

[root@kolla-queens ~]# fdisk /dev/sda3
Welcome to fdisk (util-linux 2.23.2).

Changes will remain in memory only, until you decide to write them.
Be careful before using the write command.

Device does not contain a recognized partition table
Building a new DOS disklabel with disk identifier 0xf9d73537.

Command (m for help): n   # 输入命令n，建立一个新的分区
Partition type:
   p   primary (0 primary, 0 extended, 4 free)
   e   extended
Select (default p): p    # 输入 p，或者直接按回车
Partition number (1-4, default 1): 1  # 输入 1，或者直接按回车
First sector (2048-20971519, default 2048):   # 直接按回车
Using default value 2048
Last sector, +sectors or +size{K,M,G} (2048-20971519, default 20971519):   # 直接按回车
Using default value 20971519
Partition 1 of type Linux and of size 10 GiB is set

Command (m for help): t  # 输入命令 t，定义新分区的类型
Selected partition 1
Hex code (type L to list all codes): 8e # 输入 8e，8e是Linux LVM类型的代码
Changed type of partition 'Linux' to 'Linux LVM'

Command (m for help): w  # 输入命令 w 完成修改
The partition table has been altered!

Calling ioctl() to re-read partition table.
Syncing disks.
```

```shell

[root@kolla-queens ~]# vgextend centos /dev/sda3
  Volume group "centos" successfully extended
```

```shell

[root@kolla-queens ~]# lvextend /dev/centos/root /dev/sda3
  Size of logical volume centos/root changed from <8.00 GiB (2047 extents) to 17.99 GiB (4606 extents).
  Logical volume centos/root successfully resized.
```

如果系统是用的XFS文件系统，需要要运行以下命令：

```shell
xfs_growfs /dev/centos/root
```

如果系统不是使用XFS文件系统，需要运行以下命令：

```shell
resize2fs /dev/centos/root
```
